{"ts":"2025-11-20T14:06:44+01:00","user_id":null,"ip":"::1","script":"/crowdfunding1/","action":"page_view","meta":{"uri":"/crowdfunding1/","method":"GET"}}
{"ts":"2025-11-20T14:07:10+01:00","user_id":1,"ip":"::1","script":"/crowdfunding1/auth/login.php","action":"user_login","meta":{"email":"admin@example.com"}}
{"ts":"2025-11-20T14:07:10+01:00","user_id":1,"ip":"::1","script":"/crowdfunding1/","action":"page_view","meta":{"uri":"/crowdfunding1/","method":"GET"}}
{"ts":"2025-11-20T14:07:24+01:00","user_id":null,"ip":"::1","script":"/crowdfunding1/","action":"page_view","meta":{"uri":"/crowdfunding1/","method":"GET"}}
{"ts":"2025-11-20T14:07:49+01:00","user_id":7,"ip":"::1","script":"/crowdfunding1/auth/register.php","action":"user_register","meta":{"email":"braulio@gmail.com"}}
{"ts":"2025-11-20T14:07:49+01:00","user_id":7,"ip":"::1","script":"/crowdfunding1/","action":"page_view","meta":{"uri":"/crowdfunding1/","method":"GET"}}
{"ts":"2025-11-20T14:08:14+01:00","user_id":null,"ip":"::1","script":"/crowdfunding1/","action":"page_view","meta":{"uri":"/crowdfunding1/","method":"GET"}}
{"ts":"2025-11-20T14:08:20+01:00","user_id":2,"ip":"127.0.0.1","script":"/crowdfunding1/campaigns/view.php?id=1","action":"page_view","meta":{"uri":"/crowdfunding1/campaigns/view.php?id=1","method":"GET"}}
{"ts":"2025-11-20T14:08:21+01:00","user_id":2,"ip":"127.0.0.1","script":"/crowdfunding1/","action":"page_view","meta":{"uri":"/crowdfunding1/","method":"GET"}}
{"ts":"2025-11-20T14:08:35+01:00","user_id":1,"ip":"::1","script":"/crowdfunding1/auth/login.php","action":"user_login","meta":{"email":"admin@example.com"}}
{"ts":"2025-11-20T14:08:35+01:00","user_id":1,"ip":"::1","script":"/crowdfunding1/","action":"page_view","meta":{"uri":"/crowdfunding1/","method":"GET"}}
{"ts":"2025-11-20T14:08:41+01:00","user_id":1,"ip":"::1","script":"/crowdfunding1/admin/users.php","action":"page_view","meta":{"uri":"/crowdfunding1/admin/users.php","method":"GET"}}
{"ts":"2025-11-20T14:08:49+01:00","user_id":1,"ip":"::1","script":"/crowdfunding1/admin/categories.php","action":"page_view","meta":{"uri":"/crowdfunding1/admin/categories.php","method":"GET"}}
{"ts":"2025-11-20T14:09:00+01:00","user_id":1,"ip":"::1","script":"/crowdfunding1/admin/categories.php","action":"category_create","meta":{"name":"Juegos de Video"}}
{"ts":"2025-11-20T14:09:00+01:00","user_id":1,"ip":"::1","script":"/crowdfunding1/admin/categories.php","action":"page_view","meta":{"uri":"/crowdfunding1/admin/categories.php","method":"POST"}}
{"ts":"2025-11-20T14:09:37+01:00","user_id":2,"ip":"127.0.0.1","script":"/crowdfunding1/campaigns/create.php","action":"campaign_create","meta":{"campaign_id":4}}
{"ts":"2025-11-20T14:09:37+01:00","user_id":2,"ip":"127.0.0.1","script":"/crowdfunding1/campaigns/list.php","action":"page_view","meta":{"uri":"/crowdfunding1/campaigns/list.php","method":"GET"}}
{"ts":"2025-11-20T14:09:42+01:00","user_id":1,"ip":"::1","script":"/crowdfunding1/admin/moderation.php","action":"page_view","meta":{"uri":"/crowdfunding1/admin/moderation.php","method":"GET"}}
{"ts":"2025-11-20T14:09:48+01:00","user_id":1,"ip":"::1","script":"/crowdfunding1/admin/moderation.php","action":"page_view","meta":{"uri":"/crowdfunding1/admin/moderation.php","method":"POST"}}
{"ts":"2025-11-20T14:09:52+01:00","user_id":2,"ip":"127.0.0.1","script":"/crowdfunding1/campaigns/list.php","action":"page_view","meta":{"uri":"/crowdfunding1/campaigns/list.php","method":"GET"}}
{"ts":"2025-11-20T14:10:01+01:00","user_id":2,"ip":"127.0.0.1","script":"/crowdfunding1/campaigns/edit.php?id=4","action":"campaign_update","meta":{"campaign_id":4}}
{"ts":"2025-11-20T14:10:01+01:00","user_id":2,"ip":"127.0.0.1","script":"/crowdfunding1/campaigns/view.php?id=4","action":"page_view","meta":{"uri":"/crowdfunding1/campaigns/view.php?id=4","method":"GET"}}
{"ts":"2025-11-20T14:10:06+01:00","user_id":2,"ip":"127.0.0.1","script":"/crowdfunding1/campaigns/rewards.php?campaign_id=4","action":"page_view","meta":{"uri":"/crowdfunding1/campaigns/rewards.php?campaign_id=4","method":"GET"}}
{"ts":"2025-11-20T14:10:34+01:00","user_id":2,"ip":"127.0.0.1","script":"/crowdfunding1/campaigns/rewards.php?campaign_id=4","action":"reward_create","meta":{"campaign_id":4,"reward_id":4}}
{"ts":"2025-11-20T14:10:34+01:00","user_id":2,"ip":"127.0.0.1","script":"/crowdfunding1/campaigns/rewards.php?campaign_id=4","action":"page_view","meta":{"uri":"/crowdfunding1/campaigns/rewards.php?campaign_id=4","method":"GET"}}
{"ts":"2025-11-20T14:10:39+01:00","user_id":2,"ip":"127.0.0.1","script":"/crowdfunding1/campaigns/rewards.php?campaign_id=4","action":"reward_update","meta":{"campaign_id":4,"reward_id":4}}
{"ts":"2025-11-20T14:10:39+01:00","user_id":2,"ip":"127.0.0.1","script":"/crowdfunding1/campaigns/rewards.php?campaign_id=4","action":"page_view","meta":{"uri":"/crowdfunding1/campaigns/rewards.php?campaign_id=4","method":"GET"}}
{"ts":"2025-11-20T14:10:55+01:00","user_id":3,"ip":"::1","script":"/crowdfunding1/campaigns/list.php","action":"page_view","meta":{"uri":"/crowdfunding1/campaigns/list.php","method":"GET"}}
{"ts":"2025-11-20T14:10:58+01:00","user_id":3,"ip":"::1","script":"/crowdfunding1/campaigns/view.php?id=4","action":"page_view","meta":{"uri":"/crowdfunding1/campaigns/view.php?id=4","method":"GET"}}
{"ts":"2025-11-20T14:11:03+01:00","user_id":3,"ip":"::1","script":"/crowdfunding1/campaigns/view.php?id=4","action":"page_view","meta":{"uri":"/crowdfunding1/campaigns/view.php?id=4","method":"GET"}}
{"ts":"2025-11-20T14:11:09+01:00","user_id":3,"ip":"::1","script":"/crowdfunding1/donate.php","action":"donation_create","meta":{"donation_id":4,"campaign_id":4,"reward_id":4,"amount":15}}
{"ts":"2025-11-20T14:11:09+01:00","user_id":3,"ip":"::1","script":"/crowdfunding1/campaigns/view.php?id=4","action":"page_view","meta":{"uri":"/crowdfunding1/campaigns/view.php?id=4","method":"GET"}}
{"ts":"2025-11-20T14:11:12+01:00","user_id":3,"ip":"::1","script":"/crowdfunding1/","action":"page_view","meta":{"uri":"/crowdfunding1/","method":"GET"}}
{"ts":"2025-11-20T14:11:19+01:00","user_id":1,"ip":"::1","script":"/crowdfunding1/campaigns/list.php","action":"page_view","meta":{"uri":"/crowdfunding1/campaigns/list.php","method":"GET"}}
{"ts":"2025-11-20T14:11:29+01:00","user_id":1,"ip":"::1","script":"/crowdfunding1/campaigns/edit.php?id=4","action":"campaign_update","meta":{"campaign_id":4}}
{"ts":"2025-11-20T14:11:29+01:00","user_id":1,"ip":"::1","script":"/crowdfunding1/campaigns/view.php?id=4","action":"page_view","meta":{"uri":"/crowdfunding1/campaigns/view.php?id=4","method":"GET"}}
{"ts":"2025-11-20T14:11:32+01:00","user_id":1,"ip":"::1","script":"/crowdfunding1/campaigns/list.php","action":"page_view","meta":{"uri":"/crowdfunding1/campaigns/list.php","method":"GET"}}
{"ts":"2025-11-20T14:11:34+01:00","user_id":1,"ip":"::1","script":"/crowdfunding1/campaigns/view.php?id=4","action":"page_view","meta":{"uri":"/crowdfunding1/campaigns/view.php?id=4","method":"GET"}}
{"ts":"2025-11-20T14:11:35+01:00","user_id":1,"ip":"::1","script":"/crowdfunding1/campaigns/rewards.php?campaign_id=4","action":"page_view","meta":{"uri":"/crowdfunding1/campaigns/rewards.php?campaign_id=4","method":"GET"}}
{"ts":"2025-11-20T14:11:45+01:00","user_id":1,"ip":"::1","script":"/crowdfunding1/","action":"page_view","meta":{"uri":"/crowdfunding1/","method":"GET"}}
{"ts":"2025-11-20T23:30:17+01:00","user_id":null,"ip":"::1","script":"/crowdfunding1/","action":"page_view","meta":{"uri":"/crowdfunding1/","method":"GET"}}
{"ts":"2025-11-20T23:30:48+01:00","user_id":null,"ip":"::1","script":"/crowdfunding1/","action":"page_view","meta":{"uri":"/crowdfunding1/","method":"GET"}}
{"ts":"2025-11-20T23:32:07+01:00","user_id":8,"ip":"::1","script":"/crowdfunding1/auth/register.php","action":"user_register","meta":{"email":"marletcantu@hotmail.com"}}
{"ts":"2025-11-20T23:32:07+01:00","user_id":8,"ip":"::1","script":"/crowdfunding1/","action":"page_view","meta":{"uri":"/crowdfunding1/","method":"GET"}}
{"ts":"2025-11-20T23:32:23+01:00","user_id":8,"ip":"::1","script":"/crowdfunding1/campaigns/list.php","action":"page_view","meta":{"uri":"/crowdfunding1/campaigns/list.php","method":"GET"}}
{"ts":"2025-11-20T23:35:16+01:00","user_id":8,"ip":"::1","script":"/crowdfunding1/campaigns/create.php","action":"campaign_create","meta":{"campaign_id":5}}
{"ts":"2025-11-20T23:35:16+01:00","user_id":8,"ip":"::1","script":"/crowdfunding1/campaigns/list.php","action":"page_view","meta":{"uri":"/crowdfunding1/campaigns/list.php","method":"GET"}}
{"ts":"2025-11-20T23:35:31+01:00","user_id":8,"ip":"::1","script":"/crowdfunding1/campaigns/dashboard.php","action":"view_dashboard","meta":{"count":1}}
{"ts":"2025-11-20T23:35:31+01:00","user_id":8,"ip":"::1","script":"/crowdfunding1/campaigns/dashboard.php","action":"page_view","meta":{"uri":"/crowdfunding1/campaigns/dashboard.php","method":"GET"}}
{"ts":"2025-11-20T23:35:38+01:00","user_id":8,"ip":"::1","script":"/crowdfunding1/campaigns/view.php?id=5","action":"page_view","meta":{"uri":"/crowdfunding1/campaigns/view.php?id=5","method":"GET"}}
{"ts":"2025-11-20T23:37:05+01:00","user_id":8,"ip":"::1","script":"/crowdfunding1/campaigns/rewards.php?campaign_id=5","action":"page_view","meta":{"uri":"/crowdfunding1/campaigns/rewards.php?campaign_id=5","method":"GET"}}
{"ts":"2025-11-20T23:37:49+01:00","user_id":8,"ip":"::1","script":"/crowdfunding1/contact.php","action":"page_view","meta":{"uri":"/crowdfunding1/contact.php","method":"GET"}}
{"ts":"2025-11-25T01:07:32+01:00","user_id":null,"ip":"::1","script":"/crowdfunding1/","action":"page_view","meta":{"uri":"/crowdfunding1/","method":"GET"}}
{"ts":"2025-11-25T01:08:26+01:00","user_id":1,"ip":"::1","script":"/crowdfunding1/auth/login.php","action":"user_login","meta":{"email":"admin@example.com"}}
{"ts":"2025-11-25T01:08:26+01:00","user_id":1,"ip":"::1","script":"/crowdfunding1/","action":"page_view","meta":{"uri":"/crowdfunding1/","method":"GET"}}
{"ts":"2025-11-25T01:15:14+01:00","user_id":null,"ip":"::1","script":"/crowdfunding1/","action":"page_view","meta":{"uri":"/crowdfunding1/","method":"GET"}}
{"ts":"2025-11-25T01:15:30+01:00","user_id":1,"ip":"::1","script":"/crowdfunding1/auth/login.php","action":"user_login","meta":{"email":"Admin@example.com"}}
{"ts":"2025-11-25T01:15:30+01:00","user_id":1,"ip":"::1","script":"/crowdfunding1/","action":"page_view","meta":{"uri":"/crowdfunding1/","method":"GET"}}
{"ts":"2025-11-27T21:01:50+01:00","user_id":null,"ip":"::1","script":"/crowdfunding1/","action":"page_view","meta":{"uri":"/crowdfunding1/","method":"GET"}}
{"ts":"2025-11-27T21:01:52+01:00","user_id":null,"ip":"::1","script":"/crowdfunding1/campaigns/list.php","action":"page_view","meta":{"uri":"/crowdfunding1/campaigns/list.php","method":"GET"}}
{"ts":"2025-11-27T21:01:59+01:00","user_id":null,"ip":"::1","script":"/crowdfunding1/","action":"page_view","meta":{"uri":"/crowdfunding1/","method":"GET"}}
{"ts":"2025-11-27T21:07:18+01:00","user_id":null,"ip":"::1","script":"/crowdfunding1/","action":"page_view","meta":{"uri":"/crowdfunding1/","method":"GET"}}
{"ts":"2025-11-27T21:07:20+01:00","user_id":null,"ip":"::1","script":"/crowdfunding1/campaigns/list.php","action":"page_view","meta":{"uri":"/crowdfunding1/campaigns/list.php","method":"GET"}}
{"ts":"2025-11-27T21:15:14+01:00","user_id":null,"ip":"::1","script":"/crowdfunding1/campaigns/list.php","action":"page_view","meta":{"uri":"/crowdfunding1/campaigns/list.php","method":"GET"}}
{"ts":"2025-11-27T21:15:18+01:00","user_id":null,"ip":"::1","script":"/crowdfunding1/campaigns/list.php","action":"page_view","meta":{"uri":"/crowdfunding1/campaigns/list.php","method":"GET"}}
{"ts":"2025-11-27T21:15:19+01:00","user_id":null,"ip":"::1","script":"/crowdfunding1/","action":"page_view","meta":{"uri":"/crowdfunding1/","method":"GET"}}
{"ts":"2025-11-27T21:15:51+01:00","user_id":3,"ip":"::1","script":"/crowdfunding1/auth/login.php","action":"user_login","meta":{"email":"inversor@example.com"}}
{"ts":"2025-11-27T21:15:51+01:00","user_id":3,"ip":"::1","script":"/crowdfunding1/","action":"page_view","meta":{"uri":"/crowdfunding1/","method":"GET"}}
{"ts":"2025-11-27T21:15:58+01:00","user_id":3,"ip":"::1","script":"/crowdfunding1/","action":"page_view","meta":{"uri":"/crowdfunding1/","method":"GET"}}
{"ts":"2025-11-27T21:15:58+01:00","user_id":3,"ip":"::1","script":"/crowdfunding1/campaigns/list.php","action":"page_view","meta":{"uri":"/crowdfunding1/campaigns/list.php","method":"GET"}}
{"ts":"2025-11-27T21:16:06+01:00","user_id":3,"ip":"::1","script":"/crowdfunding1/campaigns/view.php?id=4","action":"page_view","meta":{"uri":"/crowdfunding1/campaigns/view.php?id=4","method":"GET"}}
{"ts":"2025-11-27T21:16:12+01:00","user_id":null,"ip":"::1","script":"/crowdfunding1/","action":"page_view","meta":{"uri":"/crowdfunding1/","method":"GET"}}
{"ts":"2025-11-27T21:17:34+01:00","user_id":null,"ip":"::1","script":"/crowdfunding1/","action":"page_view","meta":{"uri":"/crowdfunding1/","method":"GET"}}
{"ts":"2025-11-27T21:17:39+01:00","user_id":null,"ip":"::1","script":"/crowdfunding1/","action":"page_view","meta":{"uri":"/crowdfunding1/","method":"GET"}}
{"ts":"2025-11-27T21:18:29+01:00","user_id":null,"ip":"::1","script":"/crowdfunding1/","action":"page_view","meta":{"uri":"/crowdfunding1/","method":"GET"}}
{"ts":"2025-11-27T21:18:58+01:00","user_id":2,"ip":"::1","script":"/crowdfunding1/auth/login.php","action":"user_login","meta":{"email":"emprendedor@example.com"}}
{"ts":"2025-11-27T21:18:58+01:00","user_id":2,"ip":"::1","script":"/crowdfunding1/","action":"page_view","meta":{"uri":"/crowdfunding1/","method":"GET"}}
{"ts":"2025-11-27T21:19:07+01:00","user_id":2,"ip":"::1","script":"/crowdfunding1/campaigns/list.php","action":"page_view","meta":{"uri":"/crowdfunding1/campaigns/list.php","method":"GET"}}
{"ts":"2025-11-27T21:19:18+01:00","user_id":2,"ip":"::1","script":"/crowdfunding1/campaigns/view.php?id=1","action":"page_view","meta":{"uri":"/crowdfunding1/campaigns/view.php?id=1","method":"GET"}}
{"ts":"2025-11-27T21:29:29+01:00","user_id":2,"ip":"::1","script":"/crowdfunding1/campaigns/view.php?id=1","action":"page_view","meta":{"uri":"/crowdfunding1/campaigns/view.php?id=1","method":"GET"}}
{"ts":"2025-11-27T21:29:40+01:00","user_id":2,"ip":"::1","script":"/crowdfunding1/","action":"page_view","meta":{"uri":"/crowdfunding1/","method":"GET"}}
{"ts":"2025-11-27T21:30:34+01:00","user_id":2,"ip":"::1","script":"/crowdfunding1/","action":"page_view","meta":{"uri":"/crowdfunding1/","method":"GET"}}
{"ts":"2025-11-27T21:36:10+01:00","user_id":2,"ip":"::1","script":"/crowdfunding1/","action":"page_view","meta":{"uri":"/crowdfunding1/","method":"GET"}}
{"ts":"2025-11-27T21:36:13+01:00","user_id":2,"ip":"::1","script":"/crowdfunding1/campaigns/list.php","action":"page_view","meta":{"uri":"/crowdfunding1/campaigns/list.php","method":"GET"}}
{"ts":"2025-11-27T21:37:08+01:00","user_id":2,"ip":"::1","script":"/crowdfunding1/","action":"page_view","meta":{"uri":"/crowdfunding1/","method":"GET"}}
{"ts":"2025-11-27T21:37:10+01:00","user_id":2,"ip":"::1","script":"/crowdfunding1/campaigns/list.php","action":"page_view","meta":{"uri":"/crowdfunding1/campaigns/list.php","method":"GET"}}
{"ts":"2025-11-27T21:37:12+01:00","user_id":2,"ip":"::1","script":"/crowdfunding1/","action":"page_view","meta":{"uri":"/crowdfunding1/","method":"GET"}}
{"ts":"2025-11-27T21:37:13+01:00","user_id":null,"ip":"::1","script":"/crowdfunding1/","action":"page_view","meta":{"uri":"/crowdfunding1/","method":"GET"}}
{"ts":"2025-11-27T21:39:11+01:00","user_id":null,"ip":"::1","script":"/crowdfunding1/","action":"page_view","meta":{"uri":"/crowdfunding1/","method":"GET"}}
{"ts":"2025-11-27T21:40:51+01:00","user_id":null,"ip":"::1","script":"/crowdfunding1/","action":"page_view","meta":{"uri":"/crowdfunding1/","method":"GET"}}
{"ts":"2025-11-27T21:47:26+01:00","user_id":null,"ip":"::1","script":"/crowdfunding1/auth/login.php","action":"page_view","meta":{"uri":"/crowdfunding1/auth/login.php","method":"GET"}}
{"ts":"2025-11-27T21:47:29+01:00","user_id":null,"ip":"::1","script":"/crowdfunding1/auth/register.php","action":"page_view","meta":{"uri":"/crowdfunding1/auth/register.php","method":"GET"}}
{"ts":"2025-11-27T21:47:36+01:00","user_id":null,"ip":"::1","script":"/crowdfunding1/","action":"page_view","meta":{"uri":"/crowdfunding1/","method":"GET"}}
{"ts":"2025-11-27T22:42:09+01:00","user_id":null,"ip":"::1","script":"/crowdfunding1/","action":"page_view","meta":{"uri":"/crowdfunding1/","method":"GET"}}
{"ts":"2025-11-27T22:42:12+01:00","user_id":null,"ip":"::1","script":"/crowdfunding1/auth/login.php","action":"page_view","meta":{"uri":"/crowdfunding1/auth/login.php","method":"GET"}}
{"ts":"2025-11-27T22:42:17+01:00","user_id":null,"ip":"::1","script":"/crowdfunding1/auth/register.php","action":"page_view","meta":{"uri":"/crowdfunding1/auth/register.php","method":"GET"}}
{"ts":"2025-11-27T22:42:19+01:00","user_id":null,"ip":"::1","script":"/crowdfunding1/auth/login.php","action":"page_view","meta":{"uri":"/crowdfunding1/auth/login.php","method":"GET"}}
{"ts":"2025-11-27T22:42:21+01:00","user_id":null,"ip":"::1","script":"/crowdfunding1/campaigns/list.php","action":"page_view","meta":{"uri":"/crowdfunding1/campaigns/list.php","method":"GET"}}
{"ts":"2025-11-27T22:42:28+01:00","user_id":null,"ip":"::1","script":"/crowdfunding1/campaigns/view.php?id=1","action":"page_view","meta":{"uri":"/crowdfunding1/campaigns/view.php?id=1","method":"GET"}}
{"ts":"2025-11-27T22:42:35+01:00","user_id":null,"ip":"::1","script":"/crowdfunding1/auth/login.php","action":"page_view","meta":{"uri":"/crowdfunding1/auth/login.php","method":"GET"}}
{"ts":"2025-11-27T22:42:51+01:00","user_id":2,"ip":"::1","script":"/crowdfunding1/auth/login.php","action":"user_login","meta":{"email":"emprendedor@example.com"}}
{"ts":"2025-11-27T22:42:51+01:00","user_id":2,"ip":"::1","script":"/crowdfunding1/","action":"page_view","meta":{"uri":"/crowdfunding1/","method":"GET"}}
{"ts":"2025-11-27T22:42:53+01:00","user_id":2,"ip":"::1","script":"/crowdfunding1/campaigns/list.php","action":"page_view","meta":{"uri":"/crowdfunding1/campaigns/list.php","method":"GET"}}
{"ts":"2025-11-27T22:42:55+01:00","user_id":2,"ip":"::1","script":"/crowdfunding1/campaigns/dashboard.php","action":"view_dashboard","meta":{"count":4}}
{"ts":"2025-11-27T22:42:55+01:00","user_id":2,"ip":"::1","script":"/crowdfunding1/campaigns/dashboard.php","action":"page_view","meta":{"uri":"/crowdfunding1/campaigns/dashboard.php","method":"GET"}}
{"ts":"2025-11-27T22:42:59+01:00","user_id":2,"ip":"::1","script":"/crowdfunding1/campaigns/list.php","action":"page_view","meta":{"uri":"/crowdfunding1/campaigns/list.php","method":"GET"}}
{"ts":"2025-11-27T22:43:03+01:00","user_id":2,"ip":"::1","script":"/crowdfunding1/campaigns/view.php?id=1","action":"page_view","meta":{"uri":"/crowdfunding1/campaigns/view.php?id=1","method":"GET"}}
{"ts":"2025-11-27T22:44:00+01:00","user_id":2,"ip":"::1","script":"/crowdfunding1/campaigns/view.php?id=1","action":"page_view","meta":{"uri":"/crowdfunding1/campaigns/view.php?id=1","method":"GET"}}
{"ts":"2025-11-27T22:51:30+01:00","user_id":2,"ip":"::1","script":"/crowdfunding1/campaigns/view.php?id=1","action":"page_view","meta":{"uri":"/crowdfunding1/campaigns/view.php?id=1","method":"GET"}}
{"ts":"2025-11-27T22:51:33+01:00","user_id":2,"ip":"::1","script":"/crowdfunding1/","action":"page_view","meta":{"uri":"/crowdfunding1/","method":"GET"}}
{"ts":"2025-11-27T22:51:42+01:00","user_id":2,"ip":"::1","script":"/crowdfunding1/contact.php","action":"page_view","meta":{"uri":"/crowdfunding1/contact.php","method":"GET"}}
{"ts":"2025-11-27T22:53:42+01:00","user_id":2,"ip":"::1","script":"/crowdfunding1/contact.php","action":"page_view","meta":{"uri":"/crowdfunding1/contact.php","method":"POST"}}
{"ts":"2025-11-27T22:54:32+01:00","user_id":2,"ip":"::1","script":"/crowdfunding1/campaigns/list.php","action":"page_view","meta":{"uri":"/crowdfunding1/campaigns/list.php","method":"GET"}}
{"ts":"2025-11-27T22:54:42+01:00","user_id":2,"ip":"::1","script":"/crowdfunding1/campaigns/view.php?id=4","action":"page_view","meta":{"uri":"/crowdfunding1/campaigns/view.php?id=4","method":"GET"}}
{"ts":"2025-11-27T22:55:35+01:00","user_id":null,"ip":"::1","script":"/crowdfunding1/","action":"page_view","meta":{"uri":"/crowdfunding1/","method":"GET"}}
{"ts":"2025-11-27T22:55:38+01:00","user_id":null,"ip":"::1","script":"/crowdfunding1/auth/register.php","action":"page_view","meta":{"uri":"/crowdfunding1/auth/register.php","method":"GET"}}
{"ts":"2025-11-27T22:55:42+01:00","user_id":null,"ip":"::1","script":"/crowdfunding1/auth/login.php","action":"page_view","meta":{"uri":"/crowdfunding1/auth/login.php","method":"GET"}}
{"ts":"2025-11-27T22:55:53+01:00","user_id":3,"ip":"::1","script":"/crowdfunding1/auth/login.php","action":"user_login","meta":{"email":"inversor@example.com"}}
{"ts":"2025-11-27T22:55:53+01:00","user_id":3,"ip":"::1","script":"/crowdfunding1/","action":"page_view","meta":{"uri":"/crowdfunding1/","method":"GET"}}
{"ts":"2025-11-27T22:55:55+01:00","user_id":3,"ip":"::1","script":"/crowdfunding1/campaigns/list.php","action":"page_view","meta":{"uri":"/crowdfunding1/campaigns/list.php","method":"GET"}}
{"ts":"2025-11-27T22:55:58+01:00","user_id":3,"ip":"::1","script":"/crowdfunding1/campaigns/view.php?id=4","action":"page_view","meta":{"uri":"/crowdfunding1/campaigns/view.php?id=4","method":"GET"}}
{"ts":"2025-11-27T22:56:18+01:00","user_id":3,"ip":"::1","script":"/crowdfunding1/campaigns/view.php?id=4","action":"page_view","meta":{"uri":"/crowdfunding1/campaigns/view.php?id=4","method":"GET"}}
{"ts":"2025-11-27T22:56:29+01:00","user_id":3,"ip":"::1","script":"/crowdfunding1/donate.php","action":"donation_create","meta":{"donation_id":5,"campaign_id":4,"reward_id":4,"amount":25}}
{"ts":"2025-11-27T22:56:29+01:00","user_id":3,"ip":"::1","script":"/crowdfunding1/campaigns/view.php?id=4","action":"page_view","meta":{"uri":"/crowdfunding1/campaigns/view.php?id=4","method":"GET"}}
{"ts":"2025-11-27T22:56:45+01:00","user_id":3,"ip":"::1","script":"/crowdfunding1/donate.php","action":"donation_create","meta":{"donation_id":6,"campaign_id":4,"reward_id":null,"amount":100}}
{"ts":"2025-11-27T22:56:45+01:00","user_id":3,"ip":"::1","script":"/crowdfunding1/campaigns/view.php?id=4","action":"page_view","meta":{"uri":"/crowdfunding1/campaigns/view.php?id=4","method":"GET"}}
{"ts":"2025-11-27T22:56:55+01:00","user_id":3,"ip":"::1","script":"/crowdfunding1/donate.php","action":"donation_create","meta":{"donation_id":7,"campaign_id":4,"reward_id":null,"amount":500}}
{"ts":"2025-11-27T22:56:55+01:00","user_id":3,"ip":"::1","script":"/crowdfunding1/campaigns/view.php?id=4","action":"page_view","meta":{"uri":"/crowdfunding1/campaigns/view.php?id=4","method":"GET"}}
